// Jest Snapshot v1, https://goo.gl/fbAQLP

exports[`<Page /> should match default snapshot 1`] = `
<div
  className="sc-kpOJdX gYvxyg"
>
  <header
    className="sc-bdVaJa kLCyua"
  >
    <h1>
      Cooking Master
      <div
        className="sc-bwzfXH bBScxE"
      >
        <span
          aria-label="chef"
          role="img"
        >
          üë©üèª‚Äçüç≥
        </span>
      </div>
    </h1>
  </header>
  <nav
    className="sc-htoDjs hjaVFT"
  >
    <ul
      className="sc-htpNat dMshuV"
    >
      <li
        className="sc-bxivhb jbfCJm"
        data-test-id="allBtn"
        onClick={[Function]}
      >
        <span
          className="sc-ifAKCX kYeoyA"
        >
          All
        </span>
      </li>
      <li
        className="sc-bxivhb jbfCJm"
      >
        <img
          alt="starred"
          className="sc-EHOje gAKosP"
          data-test-id="starredBtn"
          onClick={[Function]}
          src="Star.svg"
        />
      </li>
    </ul>
    <select
      className="sc-gzVnrw eoZEAD"
      onChange={[Function]}
    >
      <option
        value="Mushroom"
      >
        Mushroom
      </option>
      <option
        value="Chicken"
      >
        Chicken
      </option>
      <option
        value="Beef"
      >
        Beef
      </option>
    </select>
    <form
      className="sc-bZQynM dKMWjK"
      onSubmit={[Function]}
    >
      <input
        onChange={[Function]}
        placeholder="Ingredient, Recipe Name"
        type="text"
      />
      <input
        type="submit"
        value="Submit"
      />
    </form>
  </nav>
  <div>
    <div>
      <article
        className="sc-kGXeez gmamMX"
      >
        <article
          className="sc-gqjmRU cwbCPD"
        >
          <div
            className="sc-VigVT eaARUA"
          >
            <h1>
              Lemon Chicken
            </h1>
            <button
              className="sc-dnqmqq fOAjwu"
              onClick={[Function]}
            >
              <img
                alt="not a favorite Recipe"
                className="sc-gZMcBi ekOSZp"
                src="EmptyStar.svg"
              />
            </button>
          </div>
          <img
            alt="Lemon Chicken"
            className="sc-jTzLTM eAPKWj"
            src="http://assets.simplyrecipes.com/wp-content/uploads/2010/03/lemon-chicken-horiz-a-1600.jpg"
          />
          <button
            className="sc-fjdhpX gOIRDV"
            onClick={[Function]}
          >
            Click to see more
          </button>
        </article>
        <article
          className="sc-gqjmRU cwbCPD"
        >
          <div
            className="sc-VigVT eaARUA"
          >
            <h1>
              Beef Stroganoff
            </h1>
            <button
              className="sc-dnqmqq fOAjwu"
              onClick={[Function]}
            >
              <img
                alt="not a favorite Recipe"
                className="sc-gZMcBi ekOSZp"
                src="EmptyStar.svg"
              />
            </button>
          </div>
          <img
            alt="Beef Stroganoff"
            className="sc-jTzLTM eAPKWj"
            src="http://www.daringgourmet.com/wp-content/uploads/2014/12/Slow-Cooker-Beef-Stroganoff-2-web-edited.jpg"
          />
          <button
            className="sc-fjdhpX gOIRDV"
            onClick={[Function]}
          >
            Click to see more
          </button>
        </article>
        <article
          className="sc-gqjmRU cwbCPD"
        >
          <div
            className="sc-VigVT eaARUA"
          >
            <h1>
              Ceasar Salad
            </h1>
            <button
              className="sc-dnqmqq fOAjwu"
              onClick={[Function]}
            >
              <img
                alt="not a favorite Recipe"
                className="sc-gZMcBi ekOSZp"
                src="EmptyStar.svg"
              />
            </button>
          </div>
          <img
            alt="Ceasar Salad"
            className="sc-jTzLTM eAPKWj"
            src="https://www.bbcgoodfood.com/sites/default/files/styles/recipe/public/recipe_images/recipe-image-legacy-id--327831_11.jpg?itok=8GjuBS4F"
          />
          <button
            className="sc-fjdhpX gOIRDV"
            onClick={[Function]}
          >
            Click to see more
          </button>
        </article>
        <article
          className="sc-gqjmRU cwbCPD"
        >
          <div
            className="sc-VigVT eaARUA"
          >
            <h1>
              Chicken Ceasar Salad
            </h1>
            <button
              className="sc-dnqmqq fOAjwu"
              onClick={[Function]}
            >
              <img
                alt="not a favorite Recipe"
                className="sc-gZMcBi ekOSZp"
                src="EmptyStar.svg"
              />
            </button>
          </div>
          <img
            alt="Chicken Ceasar Salad"
            className="sc-jTzLTM eAPKWj"
            src="https://www.bbcgoodfood.com/sites/default/files/styles/recipe/public/recipe_images/recipe-image-legacy-id--327831_11.jpg?itok=8GjuBS4F"
          />
          <button
            className="sc-fjdhpX gOIRDV"
            onClick={[Function]}
          >
            Click to see more
          </button>
        </article>
      </article>
    </div>
  </div>
  <footer
    style={
      Object {
        "background": "#635155",
        "color": "white",
        "display": "flex",
        "justifyContent": "center",
        "padding": "2%",
      }
    }
  >
    Made by 
    lydia
  </footer>
</div>
`;

exports[`<Page /> should match default snapshot 2`] = `
<div
  className="sc-kpOJdX gYvxyg"
>
  <header
    className="sc-bdVaJa kLCyua"
  >
    <h1>
      Cooking Master
      <div
        className="sc-bwzfXH bBScxE"
      >
        <span
          aria-label="chef"
          role="img"
        >
          üë©üèª‚Äçüç≥
        </span>
      </div>
    </h1>
  </header>
  <nav
    className="sc-htoDjs hjaVFT"
  >
    <ul
      className="sc-htpNat dMshuV"
    >
      <li
        className="sc-bxivhb jbfCJm"
        data-test-id="allBtn"
        onClick={[Function]}
      >
        <span
          className="sc-ifAKCX kYeoyA"
        >
          All
        </span>
      </li>
      <li
        className="sc-bxivhb jbfCJm"
      >
        <img
          alt="starred"
          className="sc-EHOje gAKosP"
          data-test-id="starredBtn"
          onClick={[Function]}
          src="Star.svg"
        />
      </li>
    </ul>
    <select
      className="sc-gzVnrw eoZEAD"
      onChange={[Function]}
    >
      <option
        value="Mushroom"
      >
        Mushroom
      </option>
      <option
        value="Chicken"
      >
        Chicken
      </option>
      <option
        value="Beef"
      >
        Beef
      </option>
    </select>
    <form
      className="sc-bZQynM dKMWjK"
      onSubmit={[Function]}
    >
      <input
        onChange={[Function]}
        placeholder="Ingredient, Recipe Name"
        type="text"
      />
      <input
        type="submit"
        value="Submit"
      />
    </form>
  </nav>
  <div>
    <div>
      <article
        className="sc-kGXeez gmamMX"
      >
        <article
          className="sc-gqjmRU cwbCPD"
        >
          <div
            className="sc-VigVT eaARUA"
          >
            <h1>
              Lemon Chicken
            </h1>
            <button
              className="sc-dnqmqq fOAjwu"
              onClick={[Function]}
            >
              <img
                alt="not a favorite Recipe"
                className="sc-gZMcBi ekOSZp"
                src="EmptyStar.svg"
              />
            </button>
          </div>
          <img
            alt="Lemon Chicken"
            className="sc-jTzLTM eAPKWj"
            src="http://assets.simplyrecipes.com/wp-content/uploads/2010/03/lemon-chicken-horiz-a-1600.jpg"
          />
          <button
            className="sc-fjdhpX gOIRDV"
            onClick={[Function]}
          >
            Click to see more
          </button>
        </article>
        <article
          className="sc-gqjmRU cwbCPD"
        >
          <div
            className="sc-VigVT eaARUA"
          >
            <h1>
              Beef Stroganoff
            </h1>
            <button
              className="sc-dnqmqq fOAjwu"
              onClick={[Function]}
            >
              <img
                alt="not a favorite Recipe"
                className="sc-gZMcBi ekOSZp"
                src="EmptyStar.svg"
              />
            </button>
          </div>
          <img
            alt="Beef Stroganoff"
            className="sc-jTzLTM eAPKWj"
            src="http://www.daringgourmet.com/wp-content/uploads/2014/12/Slow-Cooker-Beef-Stroganoff-2-web-edited.jpg"
          />
          <button
            className="sc-fjdhpX gOIRDV"
            onClick={[Function]}
          >
            Click to see more
          </button>
        </article>
        <article
          className="sc-gqjmRU cwbCPD"
        >
          <div
            className="sc-VigVT eaARUA"
          >
            <h1>
              Ceasar Salad
            </h1>
            <button
              className="sc-dnqmqq fOAjwu"
              onClick={[Function]}
            >
              <img
                alt="not a favorite Recipe"
                className="sc-gZMcBi ekOSZp"
                src="EmptyStar.svg"
              />
            </button>
          </div>
          <img
            alt="Ceasar Salad"
            className="sc-jTzLTM eAPKWj"
            src="https://www.bbcgoodfood.com/sites/default/files/styles/recipe/public/recipe_images/recipe-image-legacy-id--327831_11.jpg?itok=8GjuBS4F"
          />
          <button
            className="sc-fjdhpX gOIRDV"
            onClick={[Function]}
          >
            Click to see more
          </button>
        </article>
        <article
          className="sc-gqjmRU cwbCPD"
        >
          <div
            className="sc-VigVT eaARUA"
          >
            <h1>
              Chicken Ceasar Salad
            </h1>
            <button
              className="sc-dnqmqq fOAjwu"
              onClick={[Function]}
            >
              <img
                alt="not a favorite Recipe"
                className="sc-gZMcBi ekOSZp"
                src="EmptyStar.svg"
              />
            </button>
          </div>
          <img
            alt="Chicken Ceasar Salad"
            className="sc-jTzLTM eAPKWj"
            src="https://www.bbcgoodfood.com/sites/default/files/styles/recipe/public/recipe_images/recipe-image-legacy-id--327831_11.jpg?itok=8GjuBS4F"
          />
          <button
            className="sc-fjdhpX gOIRDV"
            onClick={[Function]}
          >
            Click to see more
          </button>
        </article>
      </article>
    </div>
  </div>
  <footer
    style={
      Object {
        "background": "#635155",
        "color": "white",
        "display": "flex",
        "justifyContent": "center",
        "padding": "2%",
      }
    }
  >
    Made by 
    lydia
  </footer>
</div>
`;

exports[`<Page /> should match default snapshot 3`] = `
<div
  className="sc-kpOJdX gYvxyg"
>
  <header
    className="sc-bdVaJa kLCyua"
  >
    <h1>
      Cooking Master
      <div
        className="sc-bwzfXH bBScxE"
      >
        <span
          aria-label="chef"
          role="img"
        >
          üë©üèª‚Äçüç≥
        </span>
      </div>
    </h1>
  </header>
  <nav
    className="sc-htoDjs hjaVFT"
  >
    <ul
      className="sc-htpNat dMshuV"
    >
      <li
        className="sc-bxivhb jbfCJm"
        data-test-id="allBtn"
        onClick={[Function]}
      >
        <span
          className="sc-ifAKCX kYeoyA"
        >
          All
        </span>
      </li>
      <li
        className="sc-bxivhb jbfCJm"
      >
        <img
          alt="starred"
          className="sc-EHOje gAKosP"
          data-test-id="starredBtn"
          onClick={[Function]}
          src="Star.svg"
        />
      </li>
    </ul>
    <select
      className="sc-gzVnrw eoZEAD"
      onChange={[Function]}
    >
      <option
        value="Mushroom"
      >
        Mushroom
      </option>
      <option
        value="Chicken"
      >
        Chicken
      </option>
      <option
        value="Beef"
      >
        Beef
      </option>
    </select>
    <form
      className="sc-bZQynM dKMWjK"
      onSubmit={[Function]}
    >
      <input
        onChange={[Function]}
        placeholder="Ingredient, Recipe Name"
        type="text"
      />
      <input
        type="submit"
        value="Submit"
      />
    </form>
  </nav>
  <div>
    <div>
      <article
        className="sc-kGXeez gmamMX"
      >
        <article
          className="sc-gqjmRU cwbCPD"
        >
          <div
            className="sc-VigVT eaARUA"
          >
            <h1>
              Lemon Chicken
            </h1>
            <button
              className="sc-dnqmqq fOAjwu"
              onClick={[Function]}
            >
              <img
                alt="not a favorite Recipe"
                className="sc-gZMcBi ekOSZp"
                src="EmptyStar.svg"
              />
            </button>
          </div>
          <img
            alt="Lemon Chicken"
            className="sc-jTzLTM eAPKWj"
            src="http://assets.simplyrecipes.com/wp-content/uploads/2010/03/lemon-chicken-horiz-a-1600.jpg"
          />
          <button
            className="sc-fjdhpX gOIRDV"
            onClick={[Function]}
          >
            Click to see more
          </button>
        </article>
        <article
          className="sc-gqjmRU cwbCPD"
        >
          <div
            className="sc-VigVT eaARUA"
          >
            <h1>
              Beef Stroganoff
            </h1>
            <button
              className="sc-dnqmqq fOAjwu"
              onClick={[Function]}
            >
              <img
                alt="not a favorite Recipe"
                className="sc-gZMcBi ekOSZp"
                src="EmptyStar.svg"
              />
            </button>
          </div>
          <img
            alt="Beef Stroganoff"
            className="sc-jTzLTM eAPKWj"
            src="http://www.daringgourmet.com/wp-content/uploads/2014/12/Slow-Cooker-Beef-Stroganoff-2-web-edited.jpg"
          />
          <button
            className="sc-fjdhpX gOIRDV"
            onClick={[Function]}
          >
            Click to see more
          </button>
        </article>
        <article
          className="sc-gqjmRU cwbCPD"
        >
          <div
            className="sc-VigVT eaARUA"
          >
            <h1>
              Ceasar Salad
            </h1>
            <button
              className="sc-dnqmqq fOAjwu"
              onClick={[Function]}
            >
              <img
                alt="not a favorite Recipe"
                className="sc-gZMcBi ekOSZp"
                src="EmptyStar.svg"
              />
            </button>
          </div>
          <img
            alt="Ceasar Salad"
            className="sc-jTzLTM eAPKWj"
            src="https://www.bbcgoodfood.com/sites/default/files/styles/recipe/public/recipe_images/recipe-image-legacy-id--327831_11.jpg?itok=8GjuBS4F"
          />
          <button
            className="sc-fjdhpX gOIRDV"
            onClick={[Function]}
          >
            Click to see more
          </button>
        </article>
        <article
          className="sc-gqjmRU cwbCPD"
        >
          <div
            className="sc-VigVT eaARUA"
          >
            <h1>
              Chicken Ceasar Salad
            </h1>
            <button
              className="sc-dnqmqq fOAjwu"
              onClick={[Function]}
            >
              <img
                alt="not a favorite Recipe"
                className="sc-gZMcBi ekOSZp"
                src="EmptyStar.svg"
              />
            </button>
          </div>
          <img
            alt="Chicken Ceasar Salad"
            className="sc-jTzLTM eAPKWj"
            src="https://www.bbcgoodfood.com/sites/default/files/styles/recipe/public/recipe_images/recipe-image-legacy-id--327831_11.jpg?itok=8GjuBS4F"
          />
          <button
            className="sc-fjdhpX gOIRDV"
            onClick={[Function]}
          >
            Click to see more
          </button>
        </article>
      </article>
    </div>
  </div>
  <footer
    style={
      Object {
        "background": "#635155",
        "color": "white",
        "display": "flex",
        "justifyContent": "center",
        "padding": "2%",
      }
    }
  >
    Made by 
    lydia
  </footer>
</div>
`;

exports[`<Page /> should match default snapshot 4`] = `
<div
  className="sc-kpOJdX gYvxyg"
>
  <header
    className="sc-bdVaJa kLCyua"
  >
    <h1>
      Cooking Master
      <div
        className="sc-bwzfXH bBScxE"
      >
        <span
          aria-label="chef"
          role="img"
        >
          üë©üèª‚Äçüç≥
        </span>
      </div>
    </h1>
  </header>
  <nav
    className="sc-htoDjs hjaVFT"
  >
    <ul
      className="sc-htpNat dMshuV"
    >
      <li
        className="sc-bxivhb jbfCJm"
        data-test-id="allBtn"
        onClick={[Function]}
      >
        <span
          className="sc-ifAKCX kYeoyA"
        >
          All
        </span>
      </li>
      <li
        className="sc-bxivhb jbfCJm"
      >
        <img
          alt="starred"
          className="sc-EHOje gAKosP"
          data-test-id="starredBtn"
          onClick={[Function]}
          src="Star.svg"
        />
      </li>
    </ul>
    <select
      className="sc-gzVnrw eoZEAD"
      onChange={[Function]}
    >
      <option
        value="Mushroom"
      >
        Mushroom
      </option>
      <option
        value="Chicken"
      >
        Chicken
      </option>
      <option
        value="Beef"
      >
        Beef
      </option>
    </select>
    <form
      className="sc-bZQynM dKMWjK"
      onSubmit={[Function]}
    >
      <input
        onChange={[Function]}
        placeholder="Ingredient, Recipe Name"
        type="text"
      />
      <input
        type="submit"
        value="Submit"
      />
    </form>
  </nav>
  <div>
    <div>
      <article
        className="sc-kGXeez gmamMX"
      >
        <article
          className="sc-gqjmRU cwbCPD"
        >
          <div
            className="sc-VigVT eaARUA"
          >
            <h1>
              Lemon Chicken
            </h1>
            <button
              className="sc-dnqmqq fOAjwu"
              onClick={[Function]}
            >
              <img
                alt="not a favorite Recipe"
                className="sc-gZMcBi ekOSZp"
                src="EmptyStar.svg"
              />
            </button>
          </div>
          <img
            alt="Lemon Chicken"
            className="sc-jTzLTM eAPKWj"
            src="http://assets.simplyrecipes.com/wp-content/uploads/2010/03/lemon-chicken-horiz-a-1600.jpg"
          />
          <button
            className="sc-fjdhpX gOIRDV"
            onClick={[Function]}
          >
            Click to see more
          </button>
        </article>
        <article
          className="sc-gqjmRU cwbCPD"
        >
          <div
            className="sc-VigVT eaARUA"
          >
            <h1>
              Beef Stroganoff
            </h1>
            <button
              className="sc-dnqmqq fOAjwu"
              onClick={[Function]}
            >
              <img
                alt="not a favorite Recipe"
                className="sc-gZMcBi ekOSZp"
                src="EmptyStar.svg"
              />
            </button>
          </div>
          <img
            alt="Beef Stroganoff"
            className="sc-jTzLTM eAPKWj"
            src="http://www.daringgourmet.com/wp-content/uploads/2014/12/Slow-Cooker-Beef-Stroganoff-2-web-edited.jpg"
          />
          <button
            className="sc-fjdhpX gOIRDV"
            onClick={[Function]}
          >
            Click to see more
          </button>
        </article>
        <article
          className="sc-gqjmRU cwbCPD"
        >
          <div
            className="sc-VigVT eaARUA"
          >
            <h1>
              Ceasar Salad
            </h1>
            <button
              className="sc-dnqmqq fOAjwu"
              onClick={[Function]}
            >
              <img
                alt="not a favorite Recipe"
                className="sc-gZMcBi ekOSZp"
                src="EmptyStar.svg"
              />
            </button>
          </div>
          <img
            alt="Ceasar Salad"
            className="sc-jTzLTM eAPKWj"
            src="https://www.bbcgoodfood.com/sites/default/files/styles/recipe/public/recipe_images/recipe-image-legacy-id--327831_11.jpg?itok=8GjuBS4F"
          />
          <button
            className="sc-fjdhpX gOIRDV"
            onClick={[Function]}
          >
            Click to see more
          </button>
        </article>
        <article
          className="sc-gqjmRU cwbCPD"
        >
          <div
            className="sc-VigVT eaARUA"
          >
            <h1>
              Chicken Ceasar Salad
            </h1>
            <button
              className="sc-dnqmqq fOAjwu"
              onClick={[Function]}
            >
              <img
                alt="not a favorite Recipe"
                className="sc-gZMcBi ekOSZp"
                src="EmptyStar.svg"
              />
            </button>
          </div>
          <img
            alt="Chicken Ceasar Salad"
            className="sc-jTzLTM eAPKWj"
            src="https://www.bbcgoodfood.com/sites/default/files/styles/recipe/public/recipe_images/recipe-image-legacy-id--327831_11.jpg?itok=8GjuBS4F"
          />
          <button
            className="sc-fjdhpX gOIRDV"
            onClick={[Function]}
          >
            Click to see more
          </button>
        </article>
      </article>
    </div>
  </div>
  <footer
    style={
      Object {
        "background": "#635155",
        "color": "white",
        "display": "flex",
        "justifyContent": "center",
        "padding": "2%",
      }
    }
  >
    Made by 
    lydia
  </footer>
</div>
`;

exports[`<Page /> should match default snapshot 5`] = `
<div
  className="sc-kpOJdX gYvxyg"
>
  <header
    className="sc-bdVaJa kLCyua"
  >
    <h1>
      Cooking Master
      <div
        className="sc-bwzfXH bBScxE"
      >
        <span
          aria-label="chef"
          role="img"
        >
          üë©üèª‚Äçüç≥
        </span>
      </div>
    </h1>
  </header>
  <nav
    className="sc-htoDjs hjaVFT"
  >
    <ul
      className="sc-htpNat dMshuV"
    >
      <li
        className="sc-bxivhb jbfCJm"
        data-test-id="allBtn"
        onClick={[Function]}
      >
        <span
          className="sc-ifAKCX kYeoyA"
        >
          All
        </span>
      </li>
      <li
        className="sc-bxivhb jbfCJm"
      >
        <img
          alt="starred"
          className="sc-EHOje gAKosP"
          data-test-id="starredBtn"
          onClick={[Function]}
          src="Star.svg"
        />
      </li>
    </ul>
    <select
      className="sc-gzVnrw eoZEAD"
      onChange={[Function]}
    >
      <option
        value="Mushroom"
      >
        Mushroom
      </option>
      <option
        value="Chicken"
      >
        Chicken
      </option>
      <option
        value="Beef"
      >
        Beef
      </option>
    </select>
    <form
      className="sc-bZQynM dKMWjK"
      onSubmit={[Function]}
    >
      <input
        onChange={[Function]}
        placeholder="Ingredient, Recipe Name"
        type="text"
      />
      <input
        type="submit"
        value="Submit"
      />
    </form>
  </nav>
  <div>
    <div>
      <article
        className="sc-kGXeez gmamMX"
      >
        <article
          className="sc-gqjmRU cwbCPD"
        >
          <div
            className="sc-VigVT eaARUA"
          >
            <h1>
              Lemon Chicken
            </h1>
            <button
              className="sc-dnqmqq fOAjwu"
              onClick={[Function]}
            >
              <img
                alt="not a favorite Recipe"
                className="sc-gZMcBi ekOSZp"
                src="EmptyStar.svg"
              />
            </button>
          </div>
          <img
            alt="Lemon Chicken"
            className="sc-jTzLTM eAPKWj"
            src="http://assets.simplyrecipes.com/wp-content/uploads/2010/03/lemon-chicken-horiz-a-1600.jpg"
          />
          <button
            className="sc-fjdhpX gOIRDV"
            onClick={[Function]}
          >
            Click to see more
          </button>
        </article>
        <article
          className="sc-gqjmRU cwbCPD"
        >
          <div
            className="sc-VigVT eaARUA"
          >
            <h1>
              Beef Stroganoff
            </h1>
            <button
              className="sc-dnqmqq fOAjwu"
              onClick={[Function]}
            >
              <img
                alt="not a favorite Recipe"
                className="sc-gZMcBi ekOSZp"
                src="EmptyStar.svg"
              />
            </button>
          </div>
          <img
            alt="Beef Stroganoff"
            className="sc-jTzLTM eAPKWj"
            src="http://www.daringgourmet.com/wp-content/uploads/2014/12/Slow-Cooker-Beef-Stroganoff-2-web-edited.jpg"
          />
          <button
            className="sc-fjdhpX gOIRDV"
            onClick={[Function]}
          >
            Click to see more
          </button>
        </article>
        <article
          className="sc-gqjmRU cwbCPD"
        >
          <div
            className="sc-VigVT eaARUA"
          >
            <h1>
              Ceasar Salad
            </h1>
            <button
              className="sc-dnqmqq fOAjwu"
              onClick={[Function]}
            >
              <img
                alt="not a favorite Recipe"
                className="sc-gZMcBi ekOSZp"
                src="EmptyStar.svg"
              />
            </button>
          </div>
          <img
            alt="Ceasar Salad"
            className="sc-jTzLTM eAPKWj"
            src="https://www.bbcgoodfood.com/sites/default/files/styles/recipe/public/recipe_images/recipe-image-legacy-id--327831_11.jpg?itok=8GjuBS4F"
          />
          <button
            className="sc-fjdhpX gOIRDV"
            onClick={[Function]}
          >
            Click to see more
          </button>
        </article>
        <article
          className="sc-gqjmRU cwbCPD"
        >
          <div
            className="sc-VigVT eaARUA"
          >
            <h1>
              Chicken Ceasar Salad
            </h1>
            <button
              className="sc-dnqmqq fOAjwu"
              onClick={[Function]}
            >
              <img
                alt="not a favorite Recipe"
                className="sc-gZMcBi ekOSZp"
                src="EmptyStar.svg"
              />
            </button>
          </div>
          <img
            alt="Chicken Ceasar Salad"
            className="sc-jTzLTM eAPKWj"
            src="https://www.bbcgoodfood.com/sites/default/files/styles/recipe/public/recipe_images/recipe-image-legacy-id--327831_11.jpg?itok=8GjuBS4F"
          />
          <button
            className="sc-fjdhpX gOIRDV"
            onClick={[Function]}
          >
            Click to see more
          </button>
        </article>
      </article>
    </div>
  </div>
  <footer
    style={
      Object {
        "background": "#635155",
        "color": "white",
        "display": "flex",
        "justifyContent": "center",
        "padding": "2%",
      }
    }
  >
    Made by 
    lydia
  </footer>
</div>
`;
