// Jest Snapshot v1, https://goo.gl/fbAQLP

exports[`Star.svg should match default snapshot 1`] = `
<img
  src="EmptyStar.svg"
/>
`;
